// Jest Snapshot v1, https://goo.gl/fbAQLP

exports[`renders without crashing 1`] = `
<div>
  <h1>
    About Us
  </h1>
  <p>
    About page
  </p>
</div>
`;
